/media/sf_OpenFOAM_Labs/CourseProject_V3/runs/web-2026-09-13T19-40-02-511Z/results/summary.json
{
  "dimensionless": {
    "Re_H": 2286.282306163022,
    "Re_a": 1192.8429423459245
  },
  "evidence": {
    "case": "case/",
    "logs": "logs/",
    "mesh": "Mesh.unv",
    "screenshots": "screenshots/"
  },
  "flow": {
    "imbalancePercent": 0.0,
    "inletMagnitudeM3s": 2.3e-06,
    "inletSignedM3s": -2.3e-06,
    "outletMagnitudeM3s": 2.3e-06,
    "outletSignedM3s": 2.3e-06
  },
  "mesh": {
    "openfoam": {
      "maxAspectRatio": 2.5618444,
      "maxNonOrthogonalityDeg": 41.596905,
      "maxSkewness": 2.5947718,
      "meshOK": true,
      "minDeterminant": 0.027537398
    },
    "salome": {
      "cells": 5267,
      "groups": {
        "frontAndBack": 10534,
        "inlet": 18,
        "obstacles": 448,
        "outlet": 18,
        "walls": 524
      },
      "hexas": 5101,
      "nodes": 11364,
      "prisms": 166
    }
  },
  "paraview": {
    "cells": 5267,
    "pointKinematicPressureRangeM2s2": [
      -0.038903653621673584,
      0.3159712255001068
    ],
    "pointPressureRangePa": [
      -38.83362704515457,
      315.4024772942066
    ],
    "pointVelocityMagnitudeRangeMps": [
      0.0006747573471415755,
      0.42875629614968097
    ],
    "points": 11364,
    "screenshots": [
      "mesh.png",
      "velocity.png",
      "pressure.png",
      "obstacles_zoom.png",
      "streamlines.png"
    ],
    "time": 2501.0,
    "timeCount": 8
  },
  "pressure": {
    "cellMaximumKinematicM2s2": 0.31623039,
    "cellMaximumPa": 315.661175298,
    "cellMinimumKinematicM2s2": -0.13897595,
    "cellMinimumPa": -138.72579328999998,
    "dropPa": 306.045544644,
    "inletAreaAverageKinematicM2s2": 0.30659742,
    "outletAreaAverageKinematicM2s2": 0.0
  },
  "runId": "web-2026-09-13T19-40-02-511Z",
  "settings": {
    "flow": {
      "Uin": 0.1,
      "nu": 1.006e-06,
      "rho": 998.2,
      "turbulenceModel": "kOmegaSST"
    },
    "geometryMm": {
      "H": 23,
      "L": 326,
      "P": 60,
      "R": 60,
      "S": 30,
      "Y": 8,
      "a": 12
    },
    "mesh": {
      "maxSizeMm": 1.25,
      "minSizeMm": 0.6,
      "obstacleSizeMm": 0.75,
      "quadAllowed": true,
      "quality": "Medium",
      "thicknessMm": 1
    },
    "variant": 3
  },
  "solver": {
    "algorithm": "transient PIMPLE",
    "application": "foamRun -solver incompressibleFluid",
    "completed": true,
    "continuity": {
      "cumulative": -2.6638371e-11,
      "global": 6.7593874e-13,
      "local": 1.5417531e-11
    },
    "courantMax": 0.6716507,
    "courantMean": 0.090464497,
    "finalDeltaT": 0.00057968055,
    "finalTime": 2501.0,
    "turbulenceModel": "kOmegaSST"
  },
  "status": "VERIFIED",
  "velocity": {
    "cellMaximumMagnitudeMps": 0.46627868,
    "cellMinimumMagnitudeMps": 0.0018471105,
    "paraviewPointMagnitudeRangeMps": [
      0.0006747573471415755,
      0.42875629614968097
    ]
  }
}
