/*---------------------------------------------------------------------------*\
  =========                 |
  \\      /  F ield         | OpenFOAM: The Open Source CFD Toolbox
   \\    /   O peration     | Website:  https://openfoam.org
    \\  /    A nd           | Version:  13
     \\/     M anipulation  |
\*---------------------------------------------------------------------------*/
Build  : 13-18870c24d21c
Exec   : ideasUnvToFoam /tmp/CourseProject_V3/jobs/web-2026-09-13T19-40-02-511Z/mesh/Mesh.unv
Date   : Sep 13 2026
Time   : 22:40:16
Host   : "123"
PID    : 86327
I/O    : uncollated
Case   : /tmp/CourseProject_V3/jobs/web-2026-09-13T19-40-02-511Z/case
nProcs : 1
sigFpe : Enabling floating point exception trapping (FOAM_SIGFPE).
fileModificationChecking : Monitoring run-time modified files using timeStampMaster (fileModificationSkew 10)
allowSystemOperations : Allowing user-supplied system call operations

// * * * * * * * * * * * * * * * * * * * * * * * * * * * * * * * * * * * * * //
Create time

Processing tag:164
Starting reading units at line 3.
l:1
units:"  SI: Meter (newton)"
unitType:2
Unit factors:
    Length scale       : 1
    Force scale        : 1
    Temperature scale  : 1
    Temperature offset : 273.15


Processing tag:2420
Skipping tag 2420 on line 9
Skipping section at line 9.

Processing tag:2411
Starting reading points at line 20.
Read 11364 points.

Processing tag:2412
Starting reading cells at line 22751.
First occurrence of element type 11 for cell 1 at line 22752
First occurrence of element type 44 for cell 2021 at line 28812
First occurrence of element type 41 for cell 2108 at line 28986
First occurrence of element type 115 for cell 13563 at line 51896
First occurrence of element type 112 for cell 13650 at line 52070
Read 5267 cells and 11542 boundary faces.

Processing tag:2467
Starting reading patches at line 62432.
For group 1 named inlet trying to read 18 patch face indices.
For group 2 named outlet trying to read 18 patch face indices.
For group 3 named walls trying to read 524 patch face indices.
For group 4 named obstacles trying to read 448 patch face indices.
For group 5 named frontAndBack trying to read 10534 patch face indices.

Found 5267 reversed boundary faces out of 11542
Sorting boundary faces according to group (patch)
0: inlet is patch
1: outlet is patch
2: walls is patch
3: obstacles is patch
4: frontAndBack is patch

Constructing mesh with non-default patches of size:
    inlet	18
    outlet	18
    walls	524
    obstacles	448
    frontAndBack	10534

End

