/*---------------------------------------------------------------------------*\
  =========                 |
  \\      /  F ield         | OpenFOAM: The Open Source CFD Toolbox
   \\    /   O peration     | Website:  https://openfoam.org
    \\  /    A nd           | Version:  13
     \\/     M anipulation  |
\*---------------------------------------------------------------------------*/
Build  : 13-18870c24d21c
Exec   : foamPostProcess -latestTime -func cellMax(p)
Date   : Sep 13 2026
Time   : 22:42:11
Host   : "123"
PID    : 91113
I/O    : uncollated
Case   : /tmp/CourseProject_V3/jobs/web-2026-09-13T19-40-02-511Z/case
nProcs : 1
sigFpe : Enabling floating point exception trapping (FOAM_SIGFPE).
fileModificationChecking : Monitoring run-time modified files using timeStampMaster (fileModificationSkew 10)
allowSystemOperations : Allowing user-supplied system call operations

// * * * * * * * * * * * * * * * * * * * * * * * * * * * * * * * * * * * * * //
Create time

Create mesh for time = 2501

volFieldValue cellMax(p) read:
    number of cells = 5267
    volume = 6.49e-06
    operation = max

Time = 2501s

Reading fields:
    volScalarFields: p

Executing functionObjects
volFieldValue cellMax(p) write:
    max(all) of p = 0.31623039 at location (0.10958082 0.0053427673 0.0005) in cell 577


End

