COURSEPROJECT_V3_SALOME_OK
{
  "edges": 2020,
  "faces": 11542,
  "files": {
    "hdf": {
      "bytes": 2071799,
      "path": "/tmp/CourseProject_V3/jobs/web-2026-09-13T19-40-02-511Z/mesh/CourseProject_V3.hdf"
    },
    "unv": {
      "bytes": 3944944,
      "path": "/tmp/CourseProject_V3/jobs/web-2026-09-13T19-40-02-511Z/mesh/Mesh.unv"
    }
  },
  "groups": {
    "frontAndBack": 10534,
    "inlet": 18,
    "obstacles": 448,
    "outlet": 18,
    "walls": 524
  },
  "hexas": 5101,
  "nodes": 11364,
  "pentas": 166,
  "quadranglesPerPlane": 5101,
  "settings": "/media/sf_OpenFOAM_Labs/CourseProject_V3/runs/web-2026-09-13T19-40-02-511Z/settings.json",
  "trianglesPerPlane": 166,
  "volumes": 5267
}
