/*---------------------------------------------------------------------------*\
  =========                 |
  \\      /  F ield         | OpenFOAM: The Open Source CFD Toolbox
   \\    /   O peration     | Website:  https://openfoam.org
    \\  /    A nd           | Version:  13
     \\/     M anipulation  |
\*---------------------------------------------------------------------------*/
Build  : 13-18870c24d21c
Exec   : foamPostProcess -latestTime -func cellMinMag(U)
Date   : Sep 13 2026
Time   : 20:19:43
Host   : "123"
PID    : 385
I/O    : uncollated
Case   : /tmp/CourseProject_V3/reference_transient
nProcs : 1
sigFpe : Enabling floating point exception trapping (FOAM_SIGFPE).
fileModificationChecking : Monitoring run-time modified files using timeStampMaster (fileModificationSkew 10)
allowSystemOperations : Allowing user-supplied system call operations

// * * * * * * * * * * * * * * * * * * * * * * * * * * * * * * * * * * * * * //
Create time

Create mesh for time = 2501

volFieldValue cellMinMag(U) read:
    number of cells = 5267
    volume = 6.49e-06
    operation = minMag

Time = 2501s

Reading fields:
    volVectorFields: U

Executing functionObjects
volFieldValue cellMinMag(U) write:
    minMag(all) of U = 0.001867985 at location (0.14724777 0.0061189096 0.0005) in cell 4995


End

