/*---------------------------------------------------------------------------*\
  =========                 |
  \\      /  F ield         | OpenFOAM: The Open Source CFD Toolbox
   \\    /   O peration     | Website:  https://openfoam.org
    \\  /    A nd           | Version:  13
     \\/     M anipulation  |
\*---------------------------------------------------------------------------*/
Build  : 13-18870c24d21c
Exec   : foamPostProcess -latestTime -func patchAverage(name=pOutlet,patch=outlet,field=p)
Date   : Sep 13 2026
Time   : 22:46:21
Host   : "123"
PID    : 96258
I/O    : uncollated
Case   : /tmp/CourseProject_V3/jobs/web-2026-09-13T19-44-10-248Z/case
nProcs : 1
sigFpe : Enabling floating point exception trapping (FOAM_SIGFPE).
fileModificationChecking : Monitoring run-time modified files using timeStampMaster (fileModificationSkew 10)
allowSystemOperations : Allowing user-supplied system call operations

// * * * * * * * * * * * * * * * * * * * * * * * * * * * * * * * * * * * * * //
Create time

Create mesh for time = 2501

surfaceFieldValue pOutlet read:
    number of faces = 18
    area = 2.3e-05
    operation = areaAverage

Time = 2501s

Reading fields:
    volScalarFields: p

Executing functionObjects
surfaceFieldValue pOutlet write:
    areaAverage(outlet) of p = 0


End

