/*---------------------------------------------------------------------------*\
  =========                 |
  \\      /  F ield         | OpenFOAM: The Open Source CFD Toolbox
   \\    /   O peration     | Website:  https://openfoam.org
    \\  /    A nd           | Version:  13
     \\/     M anipulation  |
\*---------------------------------------------------------------------------*/
Build  : 13-18870c24d21c
Exec   : transformPoints scale=(0.001 0.001 0.001)
Date   : Sep 13 2026
Time   : 22:44:23
Host   : "123"
PID    : 93026
I/O    : uncollated
Case   : /tmp/CourseProject_V3/jobs/web-2026-09-13T19-44-10-248Z/case
nProcs : 1
sigFpe : Enabling floating point exception trapping (FOAM_SIGFPE).
fileModificationChecking : Monitoring run-time modified files using timeStampMaster (fileModificationSkew 10)
allowSystemOperations : Allowing user-supplied system call operations

// * * * * * * * * * * * * * * * * * * * * * * * * * * * * * * * * * * * * * //
Create time

Writing points into directory "/tmp/CourseProject_V3/jobs/web-2026-09-13T19-44-10-248Z/case/constant/polyMesh"

End

