/*---------------------------------------------------------------------------*\
  =========                 |
  \\      /  F ield         | OpenFOAM: The Open Source CFD Toolbox
   \\    /   O peration     | Website:  https://openfoam.org
    \\  /    A nd           | Version:  13
     \\/     M anipulation  |
\*---------------------------------------------------------------------------*/
Build  : 13-18870c24d21c
Exec   : checkMesh -allGeometry -allTopology
Date   : Sep 13 2026
Time   : 20:39:47
Host   : "123"
PID    : 63389
I/O    : uncollated
Case   : /tmp/CourseProject_V3/jobs/speed_v3_u0p15/case
nProcs : 1
sigFpe : Enabling floating point exception trapping (FOAM_SIGFPE).
fileModificationChecking : Monitoring run-time modified files using timeStampMaster (fileModificationSkew 10)
allowSystemOperations : Allowing user-supplied system call operations

// * * * * * * * * * * * * * * * * * * * * * * * * * * * * * * * * * * * * * //
Create time

Create mesh for time = 0

Enabling all (cell, face, edge, point) topology checks.

Enabling all geometry checks.

Time = 0s

Mesh stats
    points:           11364
    internal points:  0
    edges:            27592
    internal edges:   4674
    internal edges using one boundary point:   0
    internal edges using two boundary points:  4674
    faces:            21489
    internal faces:   9947
    cells:            5267
    faces per cell:   5.968483
    boundary patches: 5
    point zones:      0
    face zones:       0
    cell zones:       0

Overall number of cells of each type:
    hexahedra:     5101
    prisms:        166
    wedges:        0
    pyramids:      0
    tet wedges:    0
    tetrahedra:    0
    polyhedra:     0

Checking topology...
    Boundary definition OK.
    Cell to face addressing OK.
    Point usage OK.
    Upper triangular ordering OK.
    Face vertices OK.
    Topological cell zip-up check OK.
    Face-face connectivity OK.
    Number of regions: 1 (OK).

Checking patch topology for multiply connected surfaces...
    Patch               Faces    Points   Surface topology                  
    inlet               18       38       ok (non-closed singly connected)  
    outlet              18       38       ok (non-closed singly connected)  
    walls               524      1052     ok (non-closed singly connected)  
    obstacles           448      896      ok (non-closed singly connected)  
    frontAndBack        10534    11364    ok (non-closed singly connected)  

Checking geometry...
    Overall domain bounding box (0 0 0) (0.326 0.023 0.001)
    Patch bounding boxes
        inlet                (0 0 0) (0 0.023 0.001)
        outlet               (0.326 0 0) (0.326 0.023 0.001)
        walls                (0 0 0) (0.326 0.023 0.001)
        obstacles            (0.08 0.002 0) (0.272 0.021 0.001)
        frontAndBack         (0 0 0) (0.326 0.023 0.001)
    Mesh has 2 geometric (non-empty/wedge) directions (1 1 0)
    Mesh has 2 solution (non-empty) directions (1 1 0)
    All edges aligned with or perpendicular to non-empty directions.
    Max cell openness = 2.3832677e-16 OK.
    Max aspect ratio = 2.5618444 OK.
    Minimum face area = 1.4489462e-07. Maximum face area = 2.596772e-06.  Face area magnitudes OK.
    Min volume = 1.4489462e-10. Max volume = 2.2260851e-09.  Total volume = 6.49e-06.  Cell volumes OK.
    Mesh non-orthogonality Max: 41.596905 average: 4.8437362
    Non-orthogonality check OK.
    Face pyramids OK.
    Max skewness = 2.5947718 OK.
    Coupled point location match (average 0) OK.
    Face tets OK.
    Min/max edge length = 0.00045597813 0.002596772 OK.
    All angles in faces OK.
    Face flatness (1 = flat, 0 = butterfly) : min = 1  average = 1
    All face flatness OK.
    Cell determinant (wellposedness) : minimum: 0.027537398 average: 3.4523179
    Cell determinant check OK.
    Concave cell check OK.
    Face interpolation weight : minimum: 0.18545539 average: 0.48261684
    Face interpolation weight check OK.
    Face volume ratio : minimum: 0.11666632 average: 0.92189792
    Face volume ratio check OK.

Mesh OK.

End

