/*---------------------------------------------------------------------------*\
  =========                 |
  \\      /  F ield         | OpenFOAM: The Open Source CFD Toolbox
   \\    /   O peration     | Website:  https://openfoam.org
    \\  /    A nd           | Version:  13
     \\/     M anipulation  |
\*---------------------------------------------------------------------------*/
Build  : 13-18870c24d21c
Exec   : foamPostProcess -latestTime -func cellMin(p)
Date   : Sep 13 2026
Time   : 20:41:38
Host   : "123"
PID    : 67454
I/O    : uncollated
Case   : /tmp/CourseProject_V3/jobs/speed_v3_u0p15/case
nProcs : 1
sigFpe : Enabling floating point exception trapping (FOAM_SIGFPE).
fileModificationChecking : Monitoring run-time modified files using timeStampMaster (fileModificationSkew 10)
allowSystemOperations : Allowing user-supplied system call operations

// * * * * * * * * * * * * * * * * * * * * * * * * * * * * * * * * * * * * * //
Create time

Create mesh for time = 2501

volFieldValue cellMin(p) read:
    number of cells = 5267
    volume = 6.49e-06
    operation = min

Time = 2501s

Reading fields:
    volScalarFields: p

Executing functionObjects
volFieldValue cellMin(p) write:
    min(all) of p = -0.37940332 at location (0.26109526 0.021254111 0.0005) in cell 3865


End

