/*---------------------------------------------------------------------------*\
  =========                 |
  \\      /  F ield         | OpenFOAM: The Open Source CFD Toolbox
   \\    /   O peration     | Website:  https://openfoam.org
    \\  /    A nd           | Version:  13
     \\/     M anipulation  |
\*---------------------------------------------------------------------------*/
Build  : 13-18870c24d21c
Exec   : foamPostProcess -latestTime -func cellMinMag(U)
Date   : Sep 13 2026
Time   : 20:41:34
Host   : "123"
PID    : 66757
I/O    : uncollated
Case   : /tmp/CourseProject_V3/jobs/speed_v3_u0p15/case
nProcs : 1
sigFpe : Enabling floating point exception trapping (FOAM_SIGFPE).
fileModificationChecking : Monitoring run-time modified files using timeStampMaster (fileModificationSkew 10)
allowSystemOperations : Allowing user-supplied system call operations

// * * * * * * * * * * * * * * * * * * * * * * * * * * * * * * * * * * * * * //
Create time

Create mesh for time = 2501

volFieldValue cellMinMag(U) read:
    number of cells = 5267
    volume = 6.49e-06
    operation = minMag

Time = 2501s

Reading fields:
    volVectorFields: U

Executing functionObjects
volFieldValue cellMinMag(U) write:
    minMag(all) of U = 0.0012801085 at location (0.18683432 0.0035724676 0.0005) in cell 2884


End

