/*---------------------------------------------------------------------------*\
  =========                 |
  \\      /  F ield         | OpenFOAM: The Open Source CFD Toolbox
   \\    /   O peration     | Website:  https://openfoam.org
    \\  /    A nd           | Version:  13
     \\/     M anipulation  |
\*---------------------------------------------------------------------------*/
Build  : 13-18870c24d21c
Exec   : foamPostProcess -latestTime -func patchFlowRate(name=outlet,patch=outlet)
Date   : Sep 13 2026
Time   : 20:43:55
Host   : "123"
PID    : 70199
I/O    : uncollated
Case   : /tmp/CourseProject_V3/jobs/geometry_v3_changed/case
nProcs : 1
sigFpe : Enabling floating point exception trapping (FOAM_SIGFPE).
fileModificationChecking : Monitoring run-time modified files using timeStampMaster (fileModificationSkew 10)
allowSystemOperations : Allowing user-supplied system call operations

// * * * * * * * * * * * * * * * * * * * * * * * * * * * * * * * * * * * * * //
Create time

Create mesh for time = 2501

surfaceFieldValue outlet read:
    number of faces = 20
    area = 2.5e-05
    operation = sum

Time = 2501s

Reading fields:
    surfaceScalarFields: phi

Executing functionObjects
surfaceFieldValue outlet write:
    sum(outlet) of phi = 2.5e-06


End

