/*---------------------------------------------------------------------------*\
  =========                 |
  \\      /  F ield         | OpenFOAM: The Open Source CFD Toolbox
   \\    /   O peration     | Website:  https://openfoam.org
    \\  /    A nd           | Version:  13
     \\/     M anipulation  |
\*---------------------------------------------------------------------------*/
Build  : 13-18870c24d21c
Exec   : foamPostProcess -latestTime -func cellMin(p)
Date   : Sep 13 2026
Time   : 20:44:05
Host   : "123"
PID    : 72240
I/O    : uncollated
Case   : /tmp/CourseProject_V3/jobs/geometry_v3_changed/case
nProcs : 1
sigFpe : Enabling floating point exception trapping (FOAM_SIGFPE).
fileModificationChecking : Monitoring run-time modified files using timeStampMaster (fileModificationSkew 10)
allowSystemOperations : Allowing user-supplied system call operations

// * * * * * * * * * * * * * * * * * * * * * * * * * * * * * * * * * * * * * //
Create time

Create mesh for time = 2501

volFieldValue cellMin(p) read:
    number of cells = 6518
    volume = 7.903e-06
    operation = min

Time = 2501s

Reading fields:
    volScalarFields: p

Executing functionObjects
volFieldValue cellMin(p) write:
    min(all) of p = -0.037789145 at location (0.22275902 0.022735397 0.0005) in cell 202


End

