/*---------------------------------------------------------------------------*\
  =========                 |
  \\      /  F ield         | OpenFOAM: The Open Source CFD Toolbox
   \\    /   O peration     | Website:  https://openfoam.org
    \\  /    A nd           | Version:  13
     \\/     M anipulation  |
\*---------------------------------------------------------------------------*/
Build  : 13-18870c24d21c
Exec   : foamPostProcess -latestTime -func cellMinMag(U)
Date   : Sep 13 2026
Time   : 20:44:02
Host   : "123"
PID    : 71555
I/O    : uncollated
Case   : /tmp/CourseProject_V3/jobs/geometry_v3_changed/case
nProcs : 1
sigFpe : Enabling floating point exception trapping (FOAM_SIGFPE).
fileModificationChecking : Monitoring run-time modified files using timeStampMaster (fileModificationSkew 10)
allowSystemOperations : Allowing user-supplied system call operations

// * * * * * * * * * * * * * * * * * * * * * * * * * * * * * * * * * * * * * //
Create time

Create mesh for time = 2501

volFieldValue cellMinMag(U) read:
    number of cells = 6518
    volume = 7.903e-06
    operation = minMag

Time = 2501s

Reading fields:
    volVectorFields: U

Executing functionObjects
volFieldValue cellMinMag(U) write:
    minMag(all) of U = 0.00086759197 at location (0.14029373 0.017006075 0.0005) in cell 3308


End

